=== struct-only 15ep starting Wed Apr 29 12:15:49 EDT 2026 ===
[info] device=cpu
[info] ontology loaded: 38560 GO terms
[info] label space (min_freq=3): 3924 GO terms
[info] splits — train=794 val=99 test=97
[ep 01] train_loss=0.3653  val_fmax=0.3899 @ t=0.36
[ep 02] train_loss=0.3465  val_fmax=0.4048 @ t=0.32
[ep 03] train_loss=0.3445  val_fmax=0.4110 @ t=0.35
[ep 04] train_loss=0.3437  val_fmax=0.4160 @ t=0.31
[ep 05] train_loss=0.3406  val_fmax=0.4200 @ t=0.37
[ep 06] train_loss=0.3294  val_fmax=0.4237 @ t=0.34
[ep 07] train_loss=0.3255  val_fmax=0.4217 @ t=0.35
[ep 08] train_loss=0.3192  val_fmax=0.4331 @ t=0.38
[ep 09] train_loss=0.3132  val_fmax=0.4361 @ t=0.35
[ep 10] train_loss=0.3077  val_fmax=0.4511 @ t=0.35
[ep 11] train_loss=0.3007  val_fmax=0.4521 @ t=0.42
[ep 12] train_loss=0.2915  val_fmax=0.4399 @ t=0.40
[ep 13] train_loss=0.2847  val_fmax=0.4425 @ t=0.41
[ep 14] train_loss=0.2803  val_fmax=0.4553 @ t=0.43
[ep 15] train_loss=0.2732  val_fmax=0.4454 @ t=0.43
[done] saved final_structure_only_15ep.json
{
  "model": "structure_only",
  "best_val_fmax": 0.45525799967993513,
  "test_remote_homology_subset": {
    "n": 97,
    "overall": {
      "fmax": 0.43778399252765765,
      "fmax_threshold": 0.43,
      "aupr": 0.3778877653914518,
      "mean_labels_per_protein": 115.63917541503906
    },
    "MF_BP_CC": {
      "MF": {
        "num_terms": 547,
        "fmax": 0.4623710876151604,
        "fmax_threshold": 0.48000000000000004,
        "aupr": 0.45275403078048393,
        "smin": 29.218262111893512,
        "smin_threshold": 0.47000000000000003
      },
      "BP": {
        "num_terms": 2923,
        "fmax": 0.38605243747064444,
        "fmax_threshold": 0.41000000000000003,
        "aupr": 0.29697008005015213,
        "smin": 201.48714375798477,
        "smin_threshold": 0.48000000000000004
      },
      "CC": {
        "num_terms": 449,
        "fmax": 0.6137782219980962,
        "fmax_threshold": 0.47000000000000003,
        "aupr": 0.5921702265364884,
        "smin": 31.269475600410217,
        "smin_threshold": 0.48000000000000004
      }
    }
  },
  "_notes": {
    "n_train": 794,
    "n_val": 99,
    "n_test": 97,
    "comment": "Test n differs from final_combined_model_results.json (n=10) because structure-only does not require text-encoding overlap."
  }
}
=== struct-only done; v3 15ep starting Wed Apr 29 12:24:42 EDT 2026 ===
[info] device=cpu
[info] label space (min_freq=3): 3924
[info] splits — train=794 val=99 test=97
[ep 01] loss=0.6998  aux_loss=1.0945  val_fmax(main)=0.3945@t=0.35  contrib(s,t,g)=(0.082,0.192,0.726)
[ep 02] loss=0.6487  aux_loss=1.0166  val_fmax(main)=0.3986@t=0.32  contrib(s,t,g)=(0.081,0.198,0.721)
[ep 03] loss=0.6354  aux_loss=0.9874  val_fmax(main)=0.4187@t=0.37  contrib(s,t,g)=(0.084,0.211,0.705)
[ep 04] loss=0.6142  aux_loss=0.9560  val_fmax(main)=0.4517@t=0.37  contrib(s,t,g)=(0.102,0.262,0.635)
[ep 05] loss=0.5921  aux_loss=0.9292  val_fmax(main)=0.4732@t=0.36  contrib(s,t,g)=(0.128,0.316,0.556)
[ep 06] loss=0.5676  aux_loss=0.8985  val_fmax(main)=0.4673@t=0.41  contrib(s,t,g)=(0.156,0.370,0.474)
[ep 07] loss=0.5456  aux_loss=0.8739  val_fmax(main)=0.4860@t=0.45  contrib(s,t,g)=(0.168,0.396,0.435)
[ep 08] loss=0.5269  aux_loss=0.8544  val_fmax(main)=0.4963@t=0.47  contrib(s,t,g)=(0.168,0.385,0.447)
[ep 09] loss=0.5128  aux_loss=0.8326  val_fmax(main)=0.4950@t=0.43  contrib(s,t,g)=(0.178,0.413,0.409)
[ep 10] loss=0.4980  aux_loss=0.8173  val_fmax(main)=0.5038@t=0.47  contrib(s,t,g)=(0.173,0.417,0.410)
[ep 11] loss=0.4836  aux_loss=0.8011  val_fmax(main)=0.5085@t=0.50  contrib(s,t,g)=(0.179,0.416,0.405)
[ep 12] loss=0.4774  aux_loss=0.7900  val_fmax(main)=0.5057@t=0.53  contrib(s,t,g)=(0.189,0.431,0.380)
[ep 13] loss=0.4629  aux_loss=0.7734  val_fmax(main)=0.5048@t=0.54  contrib(s,t,g)=(0.185,0.431,0.384)
[ep 14] loss=0.4509  aux_loss=0.7596  val_fmax(main)=0.5088@t=0.51  contrib(s,t,g)=(0.186,0.419,0.395)
[ep 15] loss=0.4424  aux_loss=0.7464  val_fmax(main)=0.5084@t=0.51  contrib(s,t,g)=(0.187,0.413,0.400)
[done] saved final_combined_model_v3_15ep.json
{
  "model": "sequence_text_structure_concat_v3",
  "best_val_fmax": 0.508766230478241,
  "test_remote_homology_subset": {
    "n": 97,
    "overall": {
      "fmax": 0.47835426542644,
      "fmax_threshold": 0.5,
      "aupr": 0.45524328520557555,
      "mean_labels_per_protein": 115.63917541503906
    },
    "MF_BP_CC": {
      "MF": {
        "num_terms": 547,
        "fmax": 0.5349953317194542,
        "fmax_threshold": 0.53,
        "aupr": 0.5292961665316368,
        "smin": 26.575357037580297,
        "smin_threshold": 0.59
      },
      "BP": {
        "num_terms": 2923,
        "fmax": 0.4306093195344302,
        "fmax_threshold": 0.47000000000000003,
        "aupr": 0.3761273606717262,
        "smin": 191.8221555691029,
        "smin_threshold": 0.52
      },
      "CC": {
        "num_terms": 449,
        "fmax": 0.6481736349424693,
        "fmax_threshold": 0.55,
        "aupr": 0.6575825004834785,
        "smin": 29.183781011978187,
        "smin_threshold": 0.52
      }
    },
    "mean_gate_sequence": 0.18670812249183655,
    "mean_gate_text": 0.4169864058494568,
    "mean_gate_structure": 0.39630547165870667
  },
  "aux_overall": {
    "seq": {
      "fmax": 0.43367930638647373,
      "fmax_threshold": 0.52
    },
    "text": {
      "fmax": 0.47567984559344806,
      "fmax_threshold": 0.51
    },
    "struct": {
      "fmax": 0.4149740103784506,
      "fmax_threshold": 0.31
    }
  },
  "_v3_settings": {
    "fusion": "concat",
    "aux_weight": 0.3,
    "modality_dropout_prob": 0.3,
    "epochs": 15,
    "n_train": 794,
    "n_val": 99,
    "n_test": 97,
    "note": "mean_gate_* fields hold relative L2 contribution per modality (not softmax gates \u2014 there is no gate in v3)."
  }
}
=== both done Wed Apr 29 12:35:41 EDT 2026 ===
